{
  "CreatedAt": "2021-08-25T12:20:30.000000005Z",
  "ArtifactName": "12345678",
  "ArtifactType": "aws_account",
  "Metadata": {
    "ImageConfig": {
      "architecture": "",
      "created": "0001-01-01T00:00:00Z",
      "os": "",
      "rootfs": {
        "type": "",
        "diff_ids": null
      },
      "config": {}
    }
  },
  "Results": [
    {
      "Target": "",
      "Class": "config",
      "Type": "cloud",
      "MisconfSummary": {
        "Successes": 2,
        "Failures": 0
      },
      "Misconfigurations": [
        {
          "Type": "AWS",
          "ID": "AVD-AWS-0092",
          "AVDID": "AVD-AWS-0092",
          "Title": "S3 Buckets not publicly accessible through ACL.",
          "Description": "Buckets should not have ACLs that allow public access",
          "Namespace": "builtin.aws.s3.aws0092",
          "Query": "deny",
          "Resolution": "Don't use canned ACLs or switch to private acl",
          "Severity": "HIGH",
          "PrimaryURL": "https://avd.aquasec.com/misconfig/avd-aws-0092",
          "References": [
            "https://avd.aquasec.com/misconfig/avd-aws-0092"
          ],
          "Status": "PASS",
          "Layer": {},
          "CauseMetadata": {
            "Provider": "aws",
            "Service": "s3",
            "Code": {
              "Lines": null
            },
            "RenderedCause": {}
          }
        },
        {
          "Type": "AWS",
          "ID": "AVD-AWS-0320",
          "AVDID": "AVD-AWS-0320",
          "Title": "S3 DNS Compliant Bucket Names",
          "Description": "Ensures that S3 buckets have DNS complaint bucket names.",
          "Namespace": "builtin.aws.s3.aws0320",
          "Query": "deny",
          "Resolution": "Recreate S3 bucket to use - instead of . in S3 bucket names",
          "Severity": "MEDIUM",
          "PrimaryURL": "https://avd.aquasec.com/misconfig/avd-aws-0320",
          "References": [
            "https://avd.aquasec.com/misconfig/avd-aws-0320"
          ],
          "Status": "PASS",
          "Layer": {},
          "CauseMetadata": {
            "Provider": "aws",
            "Service": "s3",
            "Code": {
              "Lines": null
            },
            "RenderedCause": {}
          }
        }
      ]
    },
    {
      "Target": "arn:aws:s3:::examplebucket",
      "Class": "config",
      "Type": "cloud",
      "MisconfSummary": {
        "Successes": 0,
        "Failures": 9
      },
      "Misconfigurations": [
        {
          "Type": "AWS",
          "ID": "AVD-AWS-0086",
          "AVDID": "AVD-AWS-0086",
          "Title": "S3 Access block should block public ACL",
          "Description": "S3 buckets should block public ACLs on buckets and any objects they contain. By blocking, PUTs with fail if the object has any public ACL a.",
          "Message": "No public access block so not blocking public acls",
          "Namespace": "builtin.aws.s3.aws0086",
          "Query": "deny",
          "Resolution": "Enable blocking any PUT calls with a public ACL specified",
          "Severity": "HIGH",
          "PrimaryURL": "https://avd.aquasec.com/misconfig/avd-aws-0086",
          "References": [
            "https://avd.aquasec.com/misconfig/avd-aws-0086"
          ],
          "Status": "FAIL",
          "Layer": {},
          "CauseMetadata": {
            "Resource": "arn:aws:s3:::examplebucket",
            "Provider": "aws",
            "Service": "s3",
            "Code": {
              "Lines": null
            },
            "RenderedCause": {}
          }
        },
        {
          "Type": "AWS",
          "ID": "AVD-AWS-0087",
          "AVDID": "AVD-AWS-0087",
          "Title": "S3 Access block should block public policy",
          "Description": "S3 bucket policy should have block public policy to prevent users from putting a policy that enable public access.",
          "Message": "No public access block so not blocking public policies",
          "Namespace": "builtin.aws.s3.aws0087",
          "Query": "deny",
          "Resolution": "Prevent policies that allow public access being PUT",
          "Severity": "HIGH",
          "PrimaryURL": "https://avd.aquasec.com/misconfig/avd-aws-0087",
          "References": [
            "https://avd.aquasec.com/misconfig/avd-aws-0087"
          ],
          "Status": "FAIL",
          "Layer": {},
          "CauseMetadata": {
            "Resource": "arn:aws:s3:::examplebucket",
            "Provider": "aws",
            "Service": "s3",
            "Code": {
              "Lines": null
            },
            "RenderedCause": {}
          }
        },
        {
          "Type": "AWS",
          "ID": "AVD-AWS-0088",
          "AVDID": "AVD-AWS-0088",
          "Title": "Unencrypted S3 bucket.",
          "Description": "S3 Buckets should be encrypted to protect the data that is stored within them if access is compromised.",
          "Message": "Bucket does not have encryption enabled",
          "Namespace": "builtin.aws.s3.aws0088",
          "Query": "deny",
          "Resolution": "Configure bucket encryption",
          "Severity": "HIGH",
          "PrimaryURL": "https://avd.aquasec.com/misconfig/avd-aws-0088",
          "References": [
            "https://avd.aquasec.com/misconfig/avd-aws-0088"
          ],
          "Status": "FAIL",
          "Layer": {},
          "CauseMetadata": {
            "Resource": "arn:aws:s3:::examplebucket",
            "Provider": "aws",
            "Service": "s3",
            "Code": {
              "Lines": null
            },
            "RenderedCause": {}
          }
        },
        {
          "Type": "AWS",
          "ID": "AVD-AWS-0089",
          "AVDID": "AVD-AWS-0089",
          "Title": "S3 Bucket Logging",
          "Description": "Ensures S3 bucket logging is enabled for S3 buckets",
          "Message": "Bucket has logging disabled",
          "Namespace": "builtin.aws.s3.aws0089",
          "Query": "deny",
          "Resolution": "Add a logging block to the resource to enable access logging",
          "Severity": "LOW",
          "PrimaryURL": "https://avd.aquasec.com/misconfig/avd-aws-0089",
          "References": [
            "https://avd.aquasec.com/misconfig/avd-aws-0089"
          ],
          "Status": "FAIL",
          "Layer": {},
          "CauseMetadata": {
            "Resource": "arn:aws:s3:::examplebucket",
            "Provider": "aws",
            "Service": "s3",
            "Code": {
              "Lines": null
            },
            "RenderedCause": {}
          }
        },
        {
          "Type": "AWS",
          "ID": "AVD-AWS-0090",
          "AVDID": "AVD-AWS-0090",
          "Title": "S3 Data should be versioned",
          "Description": "Versioning in Amazon S3 is a means of keeping multiple variants of an object in the same bucket.\n\nYou can use the S3 Versioning feature to preserve, retrieve, and restore every version of every object stored in your buckets.\n\nWith versioning you can recover more easily from both unintended user actions and application failures.\n\nWhen you enable versioning, also keep in mind the potential costs of storing noncurrent versions of objects. To help manage those costs, consider setting up an S3 Lifecycle configuration.",
          "Message": "Bucket does not have versioning enabled",
          "Namespace": "builtin.aws.s3.aws0090",
          "Query": "deny",
          "Resolution": "Enable versioning to protect against accidental/malicious removal or modification",
          "Severity": "MEDIUM",
          "PrimaryURL": "https://avd.aquasec.com/misconfig/avd-aws-0090",
          "References": [
            "https://avd.aquasec.com/misconfig/avd-aws-0090"
          ],
          "Status": "FAIL",
          "Layer": {},
          "CauseMetadata": {
            "Resource": "arn:aws:s3:::examplebucket",
            "Provider": "aws",
            "Service": "s3",
            "Code": {
              "Lines": null
            },
            "RenderedCause": {}
          }
        },
        {
          "Type": "AWS",
          "ID": "AVD-AWS-0091",
          "AVDID": "AVD-AWS-0091",
          "Title": "S3 Access Block should Ignore Public ACL",
          "Description": "S3 buckets should ignore public ACLs on buckets and any objects they contain. By ignoring rather than blocking, PUT calls with public ACLs will still be applied but the ACL will be ignored.",
          "Message": "No public access block so not blocking public acls",
          "Namespace": "builtin.aws.s3.aws0091",
          "Query": "deny",
          "Resolution": "Enable ignoring the application of public ACLs in PUT calls",
          "Severity": "HIGH",
          "PrimaryURL": "https://avd.aquasec.com/misconfig/avd-aws-0091",
          "References": [
            "https://avd.aquasec.com/misconfig/avd-aws-0091"
          ],
          "Status": "FAIL",
          "Layer": {},
          "CauseMetadata": {
            "Resource": "arn:aws:s3:::examplebucket",
            "Provider": "aws",
            "Service": "s3",
            "Code": {
              "Lines": null
            },
            "RenderedCause": {}
          }
        },
        {
          "Type": "AWS",
          "ID": "AVD-AWS-0093",
          "AVDID": "AVD-AWS-0093",
          "Title": "S3 Access block should restrict public bucket to limit access",
          "Description": "S3 buckets should restrict public policies for the bucket. By enabling, the restrict_public_buckets, only the bucket owner and AWS Services can access if it has a public policy.",
          "Message": "No public access block so not restricting public buckets",
          "Namespace": "builtin.aws.s3.aws0093",
          "Query": "deny",
          "Resolution": "Limit the access to public buckets to only the owner or AWS Services (eg; CloudFront)",
          "Severity": "HIGH",
          "PrimaryURL": "https://avd.aquasec.com/misconfig/avd-aws-0093",
          "References": [
            "https://avd.aquasec.com/misconfig/avd-aws-0093"
          ],
          "Status": "FAIL",
          "Layer": {},
          "CauseMetadata": {
            "Resource": "arn:aws:s3:::examplebucket",
            "Provider": "aws",
            "Service": "s3",
            "Code": {
              "Lines": null
            },
            "RenderedCause": {}
          }
        },
        {
          "Type": "AWS",
          "ID": "AVD-AWS-0094",
          "AVDID": "AVD-AWS-0094",
          "Title": "S3 buckets should each define an aws_s3_bucket_public_access_block",
          "Description": "The \"block public access\" settings in S3 override individual policies that apply to a given bucket, meaning that all public access can be controlled in one central types for that bucket. It is therefore good practice to define these settings for each bucket in order to clearly define the public access that can be allowed for it.",
          "Message": "Bucket does not have a corresponding public access block.",
          "Namespace": "builtin.aws.s3.aws0094",
          "Query": "deny",
          "Resolution": "Define a aws_s3_bucket_public_access_block for the given bucket to control public access policies",
          "Severity": "LOW",
          "PrimaryURL": "https://avd.aquasec.com/misconfig/avd-aws-0094",
          "References": [
            "https://avd.aquasec.com/misconfig/avd-aws-0094"
          ],
          "Status": "FAIL",
          "Layer": {},
          "CauseMetadata": {
            "Resource": "arn:aws:s3:::examplebucket",
            "Provider": "aws",
            "Service": "s3",
            "Code": {
              "Lines": null
            },
            "RenderedCause": {}
          }
        },
        {
          "Type": "AWS",
          "ID": "AVD-AWS-0132",
          "AVDID": "AVD-AWS-0132",
          "Title": "S3 encryption should use Customer Managed Keys",
          "Description": "Encryption using AWS keys provides protection for your S3 buckets. To gain greater control over encryption, such as key rotation, access policies, and auditability, use customer managed keys (CMKs) with SSE-KMS.\nNote that SSE-KMS is not supported for S3 server access logging destination buckets; in such cases, use SSE-S3 instead.",
          "Message": "Bucket does not encrypt data with a customer managed key.",
          "Namespace": "builtin.aws.s3.aws0132",
          "Query": "deny",
          "Resolution": "Use SSE-KMS with a customer managed key (CMK)",
          "Severity": "HIGH",
          "PrimaryURL": "https://avd.aquasec.com/misconfig/avd-aws-0132",
          "References": [
            "https://avd.aquasec.com/misconfig/avd-aws-0132"
          ],
          "Status": "FAIL",
          "Layer": {},
          "CauseMetadata": {
            "Resource": "arn:aws:s3:::examplebucket",
            "Provider": "aws",
            "Service": "s3",
            "Code": {
              "Lines": null
            },
            "RenderedCause": {}
          }
        }
      ]
    }
  ]
}
